[index-2.html]
[images/ciBGjLnbjXZp5aFxUxvvwaZNig.png]
[images/dIWI8EpGIpYMYnF8VAPPWR6ENfg.png]
[resume.html]
[Contact.html]
[blog/doorman.html]
[images/67XQP5E267WAFxMBuEl54ZbXk.png]
[images/txWW84qrgIu8CLPwYydj4uPFy4.png]
[images/Ywwj5YXDj4PRj5RqvqLIfKG3l4.png]
[images/xvwllG5vKD8IjifmBsL5QGMGM.png]
[blog/tinywhoop.html]
[images/AzA7jXu1yXXMtemQlanEpOf7my0bf23.jpg]
[images/mgzFrr9HUDP8NWZ7HdGFhK2J1I.png]
[images/nqgxmGMFYVj3rR9QIzxQii8T1r8.png]
[projects/AppProject2.html]
[images/Bh3YPk2ihIZ8ksBVLT6NES5vog.png]
[images/9zjHhNYgnAHnA0Wq8ChQb3tWI3s.png]
[images/qnMRP83Zf8QEDXbsFDeOJRfZxZs.png]
[images/sjk9wevYfbgyZpiORcXodiH9w.png]
[images/hPrsLDYM5b1Y81Zes3Qxlosyvzk.png]
[images/f8DUGq8axelqLD2Yo9x8AjCEB4.png]
[images/3jJc6FQDPMdDGvr3nPzVzElEI.jpg]
[images/K3z6rfGHpe3MdSO4IoxG0GflnA.jpg]
[blog.html]
[images/Td5rVrtMzbWxxrhbSMewntrw.png]
[index-2.html]
[resume.html]
[Contact.html]
[images/xGPkmnkYoTBuJ7pRowWZN3b7A7I.jpg]
[blog/doorman.html]
[images/G6UJEIPGQsdgD9sWZjnwij4YBHM.jpg]
[images/uBAOaELpfStMUfv8tguA7c6OHk.jpg]
[blog/tinywhoop.html]
[projects/AppProject2.html]
[blog.html]
