[zestful-plans-059759.framer.app/index.html]
[backblue.gif]
[fade.gif]
[index.html]
[framerusercontent.com/images/ciBGjLnbjXZp5aFxUxvvwaZNig.png]
[framerusercontent.com/assets/wBEBvVOKAVkeTxZY3xxXPhdJc.png]
[framerusercontent.com/sites/5QkobOnvzUbALdmcSzW6VY/chunk-SIODG7S3.mjs]
[framerusercontent.com/sites/5QkobOnvzUbALdmcSzW6VY/chunk-7ZC6CIYB.mjs]
[framerusercontent.com/sites/5QkobOnvzUbALdmcSzW6VY/chunk-ELYU6EKT.mjs]
[framerusercontent.com/sites/5QkobOnvzUbALdmcSzW6VY/9jrVPHAFZd8eCabIUSV1rVohyE7hngAslhocz8HDZmI.GTIJE25C.mjs]
[framerusercontent.com/sites/5QkobOnvzUbALdmcSzW6VY/chunk-KDTH552T.mjs]
[framerusercontent.com/sites/5QkobOnvzUbALdmcSzW6VY/chunk-WAS7E22W.mjs]
[framerusercontent.com/sites/5QkobOnvzUbALdmcSzW6VY/chunk-233CKZ25.mjs]
[framerusercontent.com/sites/5QkobOnvzUbALdmcSzW6VY/chunk-Z6NYLSL7.mjs]
[framerusercontent.com/sites/5QkobOnvzUbALdmcSzW6VY/chunk-7GP4EP4Q.mjs]
[framerusercontent.com/sites/5QkobOnvzUbALdmcSzW6VY/chunk-7T2W6E3S.mjs]
[framerusercontent.com/sites/5QkobOnvzUbALdmcSzW6VY/chunk-HW2AVGI7.mjs]
[framerusercontent.com/sites/5QkobOnvzUbALdmcSzW6VY/chunk-7WWKPZUE.mjs]
[framerusercontent.com/sites/5QkobOnvzUbALdmcSzW6VY/chunk-42U43NKG.mjs]
[zestful-plans-059759.framer.app/Contact.html]
[zestful-plans-059759.framer.app/Work/AppProject2.html]
[framerusercontent.com/images/67XQP5E267WAFxMBuEl54ZbXk.png]
[framerusercontent.com/images/txWW84qrgIu8CLPwYydj4uPFy4.png]
[framerusercontent.com/images/Ywwj5YXDj4PRj5RqvqLIfKG3l4.png]
[framerusercontent.com/images/xvwllG5vKD8IjifmBsL5QGMGM.png]
[framerusercontent.com/images/yI8xHAFu7QIUPtwjHXtDHt8Y0bf23.png]
[framerusercontent.com/images/mgzFrr9HUDP8NWZ7HdGFhK2J1I.png]
[framerusercontent.com/images/nqgxmGMFYVj3rR9QIzxQii8T1r8.png]
[framerusercontent.com/images/DMs5o5WCBUXGelFw9g8pOcYD1Vk.webp]
[framerusercontent.com/images/YlYIbfFEujexwgWABDzpsRlY.webp]
[framerusercontent.com/images/Bh3YPk2ihIZ8ksBVLT6NES5vog.png]
[framerusercontent.com/images/9zjHhNYgnAHnA0Wq8ChQb3tWI3s.png]
[framerusercontent.com/images/qnMRP83Zf8QEDXbsFDeOJRfZxZs.png]
[framerusercontent.com/images/sjk9wevYfbgyZpiORcXodiH9w.png]
[framerusercontent.com/images/hPrsLDYM5b1Y81Zes3Qxlosyvzk.png]
[framerusercontent.com/images/f8DUGq8axelqLD2Yo9x8AjCEB4.png]
[zestful-plans-059759.framer.app/blog/starting-a-career-in-web-design.html]
[framerusercontent.com/images/w9wvgyK0sto9pKaCXe2yvGH11G8.png]
[zestful-plans-059759.framer.app/blog/create-a-landing-page-that-performs-great.html]
[framerusercontent.com/images/KYo5p4sqCaCxs9fL2H6hnGrUc4.png]
[zestful-plans-059759.framer.app/blog/how-can-designers-prepare-for-the-future.html]
[framerusercontent.com/images/DdjSZvORKSi8d1A9Vj2iLPX30U.png]
[zestful-plans-059759.framer.app/blog.html]
[framerusercontent.com/images/Td5rVrtMzbWxxrhbSMewntrw.png]
[zestful-plans-059759.framer.app/Work/AppProject1.html]
[zestful-plans-059759.framer.app/Work/DesktopProject1.html]
[zestful-plans-059759.framer.app/index.html]
[zestful-plans-059759.framer.app/Work/DesktopProject2.html]
[fonts.gstatic.com/index.html]
[framerusercontent.com/images/dIWI8EpGIpYMYnF8VAPPWR6ENfg.png]
[framerusercontent.com/sites/5QkobOnvzUbALdmcSzW6VY/HkcbQd75dRRxMgkyaSCjtU5CtXtljL_ITf-KLovYDJI.L2A5YPUW.mjs]
[framerusercontent.com/sites/5QkobOnvzUbALdmcSzW6VY/chunk-TSKZHTHA.mjs]
[framerusercontent.com/sites/5QkobOnvzUbALdmcSzW6VY/chunk-M2URXET2.mjs]
[zestful-plans-059759.framer.app/Contact.html]
[framerusercontent.com/sites/5QkobOnvzUbALdmcSzW6VY/chunk-B6JIJEVL.mjs]
[framerusercontent.com/sites/5QkobOnvzUbALdmcSzW6VY/nZ54F3igJzOc5Q6Y8mwCa9x_XLUsMgjPTIwAQKCpYEA.5ETL7ONH.mjs]
[framerusercontent.com/sites/5QkobOnvzUbALdmcSzW6VY/chunk-LYG723QF.mjs]
[zestful-plans-059759.framer.app/Work/AppProject2.html]
[framerusercontent.com/sites/5QkobOnvzUbALdmcSzW6VY/chunk-ZQCG6D5N.mjs]
[framerusercontent.com/sites/5QkobOnvzUbALdmcSzW6VY/43IjE_qj_di2CZOQzVCehk0r8TgQt0wIY5Z1ThIOVEI.UR4QXI6F.mjs]
[framerusercontent.com/sites/5QkobOnvzUbALdmcSzW6VY/chunk-7TLDFMN6.mjs]
[zestful-plans-059759.framer.app/blog/starting-a-career-in-web-design.html]
[zestful-plans-059759.framer.app/blog/create-a-landing-page-that-performs-great.html]
[zestful-plans-059759.framer.app/blog/how-can-designers-prepare-for-the-future.html]
[framerusercontent.com/sites/5QkobOnvzUbALdmcSzW6VY/Xpxv3R0EDrrL1An4jS5kXh7WtnJuQVZj1w8-ag8py5M.YTEDU2EO.mjs]
[framerusercontent.com/sites/5QkobOnvzUbALdmcSzW6VY/chunk-CCCFDXPE.mjs]
[zestful-plans-059759.framer.app/blog.html]
[framerusercontent.com/sites/5QkobOnvzUbALdmcSzW6VY/IFlrnH3ntfbdQhb_DrP9J3cx2vR3sKcfrvALJTRQAZc.XQJWDJ3L.mjs]
[framerusercontent.com/sites/5QkobOnvzUbALdmcSzW6VY/chunk-MC2W3NDX.mjs]
[zestful-plans-059759.framer.app/Work/AppProject1.html]
[framerusercontent.com/sites/5QkobOnvzUbALdmcSzW6VY/ZNked1O2kZuCu2BeTn8wtmzelPB03ilRrLNf_pm48F0.3VHWV3Y2.mjs]
[framerusercontent.com/sites/5QkobOnvzUbALdmcSzW6VY/chunk-TLR2VYE6.mjs]
[zestful-plans-059759.framer.app/Work/DesktopProject1.html]
[framerusercontent.com/sites/5QkobOnvzUbALdmcSzW6VY/muNV-FoFVGIRT2TPvCTdGajBawy1nBzlFVBt_FsL_S8.WR6JLQP6.mjs]
[framerusercontent.com/sites/5QkobOnvzUbALdmcSzW6VY/chunk-IXR2FS2I.mjs]
[zestful-plans-059759.framer.app/Work/DesktopProject2.html]
